Testing connection...
Connected successfully!
